STEP START 2026-10-09T14:24:16.3834140+00:00
SYS: D:\a\WebGame\WebGame\drivers\vmulti-mod\sys\Release\x64\vmulti.sys size=19968
PFX: True
SIGNTOOL: C:\Program Files (x86)\Windows Kits\10\bin\10.0.26100.0\x64\signtool.exe
Done Adding Additional Store
Successfully signed: D:\a\WebGame\WebGame\drivers\vmulti-mod\sys\Release\x64\vmulti.sys

signtool sys exit: 0
Processing directory (D:\a\WebGame\WebGame\drivers\vmulti-mod\sys\Release\x64\) file (vmulti.inf)
Processing directory (D:\a\WebGame\WebGame\drivers\vmulti-mod\sys\Release\x64\) file (vmulti.obj)
Processing directory (D:\a\WebGame\WebGame\drivers\vmulti-mod\sys\Release\x64\) file (vmulti.res)
Processing directory (D:\a\WebGame\WebGame\drivers\vmulti-mod\sys\Release\x64\) file (vmulti.sys)
Parsing INF: D:\a\WebGame\WebGame\drivers\vmulti-mod\sys\Release\x64\vmulti.inf
Finished parsing INFs
Processing INF: D:\a\WebGame\WebGame\drivers\vmulti-mod\sys\Release\x64\vmulti.inf
Finished processing INFs
Testing driver package...
Testing driver package...
Testing driver package...
Testing driver package...
Testing driver package...
Testing driver package...
Testing driver package...
Testing driver package...
Testing driver package...
Testing driver package...
Testing driver package...
Testing driver package...
Testing driver package...
Testing driver package...
Testing driver package...
Testing driver package...
Testing driver package...
Testing driver package...

Signability test complete.

Errors:
None

Warnings:
None

Catalog generation complete.
D:\a\WebGame\WebGame\drivers\vmulti-mod\sys\Release\x64\vmulti.cat
inf2cat exit: 0
Done Adding Additional Store
Successfully signed: drivers/vmulti-mod/sys/Release/x64/vmulti.cat

signtool cat exit: 0
DIST OK
RELEASE EXIT: 4
